// Jest Snapshot v1, https://goo.gl/fbAQLP

exports[`renders correctly for a button that is loading 1`] = `
.c1 {
  margin: unset;
  padding: unset;
  border: unset;
  background: unset;
  font: unset;
  font-family: inherit;
  font-size: 100%;
  box-sizing: border-box;
  background-color: #fcfcfc;
  color: inherit;
}

.c3 {
  margin: unset;
  padding: unset;
  border: unset;
  background: unset;
  font: unset;
  font-family: inherit;
  font-size: 100%;
  box-sizing: border-box;
  background-color: unset;
  color: inherit;
}

.c5 {
  margin: unset;
  padding: unset;
  border: unset;
  background: unset;
  font: unset;
  font-family: inherit;
  font-size: 100%;
  box-sizing: border-box;
  background-color: unset;
  color: inherit;
  color: #435a6f !important;
}

.c4 {
  font-size: 20px;
  -webkit-animation: iVXCSc 0.6s infinite linear;
  animation: iVXCSc 0.6s infinite linear;
  border: 0.1em solid #435a6f;
  border-radius: 100%;
  border-right-color: transparent;
  border-top-color: transparent;
  display: inline-block;
  height: 1em;
  width: 1em;
  position: relative;
}

.c0 {
  -webkit-align-items: center;
  -webkit-box-align: center;
  -ms-flex-align: center;
  align-items: center;
  background-color: #fcfcfc;
  border: 1px solid #bfbfbf;
  border-radius: 4px;
  color: #435a6f;
  fill: #435a6f;
  cursor: pointer;
  display: -webkit-inline-box;
  display: -webkit-inline-flex;
  display: -ms-inline-flexbox;
  display: inline-flex;
  font-weight: 600;
  height: 2.5em;
  -webkit-box-pack: center;
  -webkit-justify-content: center;
  -ms-flex-pack: center;
  justify-content: center;
  padding: 0 0.8rem;
  -webkit-text-decoration: none;
  text-decoration: none;
}

.c0:focus {
  outline: unset;
  z-index: 2;
  box-shadow: #7467c0 0px 0px 0px 2px;
}

.c0[disabled] {
  cursor: not-allowed;
  opacity: 0.7;
  outline: unset;
  pointer-events: unset;
}

.c0 {
  cursor: not-allowed;
}

.c0:focus {
  box-shadow: unset !important;
  outline: unset !important;
}

.c7 {
  -webkit-align-items: center;
  -webkit-box-align: center;
  -ms-flex-align: center;
  align-items: center;
  display: -webkit-inline-box;
  display: -webkit-inline-flex;
  display: -ms-inline-flexbox;
  display: inline-flex;
}

.c2 {
  position: absolute;
  display: -webkit-box;
  display: -webkit-flex;
  display: -ms-flexbox;
  display: flex;
  -webkit-align-items: center;
  -webkit-box-align: center;
  -ms-flex-align: center;
  align-items: center;
  -webkit-box-pack: center;
  -webkit-justify-content: center;
  -ms-flex-pack: center;
  justify-content: center;
}

.c2 + .c6 {
  opacity: 0;
}

<button
  class="c0 c1"
  kind="default"
  style="size: default;"
  type="button"
>
  <div
    class="c2 c3"
  >
    <div
      class="c4 c5"
      color="defaultInverted"
      style="size: default;"
    />
  </div>
  <span
    class="c6 c7"
  >
    Test
  </span>
</button>
`;

exports[`renders correctly for a button with a custom element 1`] = `
.c1 {
  margin: unset;
  padding: unset;
  border: unset;
  background: unset;
  font: unset;
  font-family: inherit;
  font-size: 100%;
  box-sizing: border-box;
  background-color: #fcfcfc;
  color: inherit;
}

.c0 {
  -webkit-align-items: center;
  -webkit-box-align: center;
  -ms-flex-align: center;
  align-items: center;
  background-color: #fcfcfc;
  border: 1px solid #bfbfbf;
  border-radius: 4px;
  color: #435a6f;
  fill: #435a6f;
  cursor: pointer;
  display: -webkit-inline-box;
  display: -webkit-inline-flex;
  display: -ms-inline-flexbox;
  display: inline-flex;
  font-weight: 600;
  height: 2.5em;
  -webkit-box-pack: center;
  -webkit-justify-content: center;
  -ms-flex-pack: center;
  justify-content: center;
  padding: 0 0.8rem;
  -webkit-text-decoration: none;
  text-decoration: none;
}

.c0:focus {
  outline: unset;
  z-index: 2;
  box-shadow: #7467c0 0px 0px 0px 2px;
}

.c0[disabled] {
  cursor: not-allowed;
  opacity: 0.7;
  outline: unset;
  pointer-events: unset;
}

.c0:hover {
  background-color: #efefef;
}

.c0:hover:active {
  background-color: #e3e3e3;
}

<a
  class="c0 c1"
  href="#"
  kind="default"
  style="size: default;"
  type="button"
>
  Test
</a>
`;

exports[`renders correctly for a button with a palette prop set 1`] = `
.c1 {
  margin: unset;
  padding: unset;
  border: unset;
  background: unset;
  font: unset;
  font-family: inherit;
  font-size: 100%;
  box-sizing: border-box;
  background-color: #3926a5;
  color: inherit;
}

.c0 {
  -webkit-align-items: center;
  -webkit-box-align: center;
  -ms-flex-align: center;
  align-items: center;
  background-color: #3926a5;
  border: 1px solid #1c1352;
  border-radius: 4px;
  color: #fff;
  fill: #fff;
  cursor: pointer;
  display: -webkit-inline-box;
  display: -webkit-inline-flex;
  display: -ms-inline-flexbox;
  display: inline-flex;
  font-weight: 600;
  height: 2.5em;
  -webkit-box-pack: center;
  -webkit-justify-content: center;
  -ms-flex-pack: center;
  justify-content: center;
  padding: 0 0.8rem;
  -webkit-text-decoration: none;
  text-decoration: none;
}

.c0:focus {
  outline: unset;
  z-index: 2;
  box-shadow: #7467c0 0px 0px 0px 2px;
}

.c0[disabled] {
  cursor: not-allowed;
  opacity: 0.7;
  outline: unset;
  pointer-events: unset;
}

.c0:hover {
  background-color: #322190;
}

.c0:hover:active {
  background-color: #2b1c7c;
}

<button
  class="c0 c1"
  kind="default"
  style="size: default;"
  type="button"
>
  Test
</button>
`;

exports[`renders correctly for a colored button that is loading 1`] = `
.c1 {
  margin: unset;
  padding: unset;
  border: unset;
  background: unset;
  font: unset;
  font-family: inherit;
  font-size: 100%;
  box-sizing: border-box;
  background-color: #3926a5;
  color: inherit;
}

.c3 {
  margin: unset;
  padding: unset;
  border: unset;
  background: unset;
  font: unset;
  font-family: inherit;
  font-size: 100%;
  box-sizing: border-box;
  background-color: unset;
  color: inherit;
}

.c5 {
  margin: unset;
  padding: unset;
  border: unset;
  background: unset;
  font: unset;
  font-family: inherit;
  font-size: 100%;
  box-sizing: border-box;
  background-color: unset;
  color: inherit;
  color: #fff !important;
}

.c4 {
  font-size: 20px;
  -webkit-animation: iVXCSc 0.6s infinite linear;
  animation: iVXCSc 0.6s infinite linear;
  border: 0.1em solid #fff;
  border-radius: 100%;
  border-right-color: transparent;
  border-top-color: transparent;
  display: inline-block;
  height: 1em;
  width: 1em;
  position: relative;
}

.c0 {
  -webkit-align-items: center;
  -webkit-box-align: center;
  -ms-flex-align: center;
  align-items: center;
  background-color: #3926a5;
  border: 1px solid #1c1352;
  border-radius: 4px;
  color: #fff;
  fill: #fff;
  cursor: pointer;
  display: -webkit-inline-box;
  display: -webkit-inline-flex;
  display: -ms-inline-flexbox;
  display: inline-flex;
  font-weight: 600;
  height: 2.5em;
  -webkit-box-pack: center;
  -webkit-justify-content: center;
  -ms-flex-pack: center;
  justify-content: center;
  padding: 0 0.8rem;
  -webkit-text-decoration: none;
  text-decoration: none;
}

.c0:focus {
  outline: unset;
  z-index: 2;
  box-shadow: #7467c0 0px 0px 0px 2px;
}

.c0[disabled] {
  cursor: not-allowed;
  opacity: 0.7;
  outline: unset;
  pointer-events: unset;
}

.c0 {
  cursor: not-allowed;
}

.c0:focus {
  box-shadow: unset !important;
  outline: unset !important;
}

.c7 {
  -webkit-align-items: center;
  -webkit-box-align: center;
  -ms-flex-align: center;
  align-items: center;
  display: -webkit-inline-box;
  display: -webkit-inline-flex;
  display: -ms-inline-flexbox;
  display: inline-flex;
}

.c2 {
  position: absolute;
  display: -webkit-box;
  display: -webkit-flex;
  display: -ms-flexbox;
  display: flex;
  -webkit-align-items: center;
  -webkit-box-align: center;
  -ms-flex-align: center;
  align-items: center;
  -webkit-box-pack: center;
  -webkit-justify-content: center;
  -ms-flex-pack: center;
  justify-content: center;
}

.c2 + .c6 {
  opacity: 0;
}

<button
  class="c0 c1"
  kind="default"
  style="size: default;"
  type="button"
>
  <div
    class="c2 c3"
  >
    <div
      class="c4 c5"
      color="primaryInverted"
      style="size: default;"
    />
  </div>
  <span
    class="c6 c7"
  >
    Test
  </span>
</button>
`;

exports[`renders correctly for a default button 1`] = `
.c1 {
  margin: unset;
  padding: unset;
  border: unset;
  background: unset;
  font: unset;
  font-family: inherit;
  font-size: 100%;
  box-sizing: border-box;
  background-color: #fcfcfc;
  color: inherit;
}

.c0 {
  -webkit-align-items: center;
  -webkit-box-align: center;
  -ms-flex-align: center;
  align-items: center;
  background-color: #fcfcfc;
  border: 1px solid #bfbfbf;
  border-radius: 4px;
  color: #435a6f;
  fill: #435a6f;
  cursor: pointer;
  display: -webkit-inline-box;
  display: -webkit-inline-flex;
  display: -ms-inline-flexbox;
  display: inline-flex;
  font-weight: 600;
  height: 2.5em;
  -webkit-box-pack: center;
  -webkit-justify-content: center;
  -ms-flex-pack: center;
  justify-content: center;
  padding: 0 0.8rem;
  -webkit-text-decoration: none;
  text-decoration: none;
}

.c0:focus {
  outline: unset;
  z-index: 2;
  box-shadow: #7467c0 0px 0px 0px 2px;
}

.c0[disabled] {
  cursor: not-allowed;
  opacity: 0.7;
  outline: unset;
  pointer-events: unset;
}

.c0:hover {
  background-color: #efefef;
}

.c0:hover:active {
  background-color: #e3e3e3;
}

<button
  class="c0 c1"
  kind="default"
  style="size: default;"
  type="button"
>
  Test
</button>
`;

exports[`renders correctly for a disabled button 1`] = `
.c1 {
  margin: unset;
  padding: unset;
  border: unset;
  background: unset;
  font: unset;
  font-family: inherit;
  font-size: 100%;
  box-sizing: border-box;
  background-color: #fcfcfc;
  color: inherit;
}

.c0 {
  -webkit-align-items: center;
  -webkit-box-align: center;
  -ms-flex-align: center;
  align-items: center;
  background-color: #fcfcfc;
  border: 1px solid #bfbfbf;
  border-radius: 4px;
  color: #435a6f;
  fill: #435a6f;
  cursor: pointer;
  display: -webkit-inline-box;
  display: -webkit-inline-flex;
  display: -ms-inline-flexbox;
  display: inline-flex;
  font-weight: 600;
  height: 2.5em;
  -webkit-box-pack: center;
  -webkit-justify-content: center;
  -ms-flex-pack: center;
  justify-content: center;
  padding: 0 0.8rem;
  -webkit-text-decoration: none;
  text-decoration: none;
}

.c0:focus {
  outline: unset;
  z-index: 2;
  box-shadow: #7467c0 0px 0px 0px 2px;
}

.c0[disabled] {
  cursor: not-allowed;
  opacity: 0.7;
  outline: unset;
  pointer-events: unset;
}

<button
  class="c0 c1"
  disabled=""
  kind="default"
  style="size: default;"
  type="button"
>
  Test
</button>
`;

exports[`renders correctly for a link button 1`] = `
.c1 {
  margin: unset;
  padding: unset;
  border: unset;
  background: unset;
  font: unset;
  font-family: inherit;
  font-size: 100%;
  box-sizing: border-box;
  background-color: #fcfcfc;
  color: inherit;
}

.c0 {
  -webkit-align-items: center;
  -webkit-box-align: center;
  -ms-flex-align: center;
  align-items: center;
  background-color: #fcfcfc;
  border: 1px solid #bfbfbf;
  border-radius: 4px;
  color: #435a6f;
  fill: #435a6f;
  cursor: pointer;
  display: -webkit-inline-box;
  display: -webkit-inline-flex;
  display: -ms-inline-flexbox;
  display: inline-flex;
  font-weight: 600;
  height: 2.5em;
  -webkit-box-pack: center;
  -webkit-justify-content: center;
  -ms-flex-pack: center;
  justify-content: center;
  padding: 0 0.8rem;
  -webkit-text-decoration: none;
  text-decoration: none;
}

.c0:focus {
  outline: unset;
  z-index: 2;
  box-shadow: #7467c0 0px 0px 0px 2px;
}

.c0[disabled] {
  cursor: not-allowed;
  opacity: 0.7;
  outline: unset;
  pointer-events: unset;
}

.c0 {
  border: 0;
  background: unset;
  color: #435a6f;
  fill: #435a6f;
  -webkit-text-decoration: underline;
  text-decoration: underline;
}

.c0:hover {
  color: #000;
  fill: #000;
}

<button
  class="c0 c1"
  kind="link"
  style="size: default;"
  type="button"
>
  Test
</button>
`;

exports[`renders correctly for a link button that is loading 1`] = `
.c1 {
  margin: unset;
  padding: unset;
  border: unset;
  background: unset;
  font: unset;
  font-family: inherit;
  font-size: 100%;
  box-sizing: border-box;
  background-color: #fcfcfc;
  color: inherit;
}

.c3 {
  margin: unset;
  padding: unset;
  border: unset;
  background: unset;
  font: unset;
  font-family: inherit;
  font-size: 100%;
  box-sizing: border-box;
  background-color: unset;
  color: inherit;
}

.c5 {
  margin: unset;
  padding: unset;
  border: unset;
  background: unset;
  font: unset;
  font-family: inherit;
  font-size: 100%;
  box-sizing: border-box;
  background-color: unset;
  color: inherit;
  color: #fcfcfc !important;
}

.c4 {
  font-size: 20px;
  -webkit-animation: iVXCSc 0.6s infinite linear;
  animation: iVXCSc 0.6s infinite linear;
  border: 0.1em solid #fcfcfc;
  border-radius: 100%;
  border-right-color: transparent;
  border-top-color: transparent;
  display: inline-block;
  height: 1em;
  width: 1em;
  position: relative;
}

.c0 {
  -webkit-align-items: center;
  -webkit-box-align: center;
  -ms-flex-align: center;
  align-items: center;
  background-color: #fcfcfc;
  border: 1px solid #bfbfbf;
  border-radius: 4px;
  color: #435a6f;
  fill: #435a6f;
  cursor: pointer;
  display: -webkit-inline-box;
  display: -webkit-inline-flex;
  display: -ms-inline-flexbox;
  display: inline-flex;
  font-weight: 600;
  height: 2.5em;
  -webkit-box-pack: center;
  -webkit-justify-content: center;
  -ms-flex-pack: center;
  justify-content: center;
  padding: 0 0.8rem;
  -webkit-text-decoration: none;
  text-decoration: none;
}

.c0:focus {
  outline: unset;
  z-index: 2;
  box-shadow: #7467c0 0px 0px 0px 2px;
}

.c0[disabled] {
  cursor: not-allowed;
  opacity: 0.7;
  outline: unset;
  pointer-events: unset;
}

.c0 {
  border: 0;
  background: unset;
  color: #435a6f;
  fill: #435a6f;
  -webkit-text-decoration: underline;
  text-decoration: underline;
}

.c0:hover {
  color: #000;
  fill: #000;
}

.c0 {
  cursor: not-allowed;
}

.c0:focus {
  box-shadow: unset !important;
  outline: unset !important;
}

.c7 {
  -webkit-align-items: center;
  -webkit-box-align: center;
  -ms-flex-align: center;
  align-items: center;
  display: -webkit-inline-box;
  display: -webkit-inline-flex;
  display: -ms-inline-flexbox;
  display: inline-flex;
}

.c2 {
  position: absolute;
  display: -webkit-box;
  display: -webkit-flex;
  display: -ms-flexbox;
  display: flex;
  -webkit-align-items: center;
  -webkit-box-align: center;
  -ms-flex-align: center;
  align-items: center;
  -webkit-box-pack: center;
  -webkit-justify-content: center;
  -ms-flex-pack: center;
  justify-content: center;
}

.c2 + .c6 {
  opacity: 0;
}

<button
  class="c0 c1"
  kind="link"
  style="size: default;"
  type="button"
>
  <div
    class="c2 c3"
  >
    <div
      class="c4 c5"
      color="default"
      style="size: default;"
    />
  </div>
  <span
    class="c6 c7"
  >
    Test
  </span>
</button>
`;

exports[`renders correctly for a list of buttons 1`] = `
.c3 {
  margin: unset;
  padding: unset;
  border: unset;
  background: unset;
  font: unset;
  font-family: inherit;
  font-size: 100%;
  box-sizing: border-box;
  background-color: #fcfcfc;
  color: inherit;
}

.c1 {
  margin: unset;
  padding: unset;
  border: unset;
  background: unset;
  font: unset;
  font-family: inherit;
  font-size: 100%;
  box-sizing: border-box;
  background-color: unset;
  color: inherit;
}

.c2 {
  -webkit-align-items: center;
  -webkit-box-align: center;
  -ms-flex-align: center;
  align-items: center;
  background-color: #fcfcfc;
  border: 1px solid #bfbfbf;
  border-radius: 4px;
  color: #435a6f;
  fill: #435a6f;
  cursor: pointer;
  display: -webkit-inline-box;
  display: -webkit-inline-flex;
  display: -ms-inline-flexbox;
  display: inline-flex;
  font-weight: 600;
  height: 2.5em;
  -webkit-box-pack: center;
  -webkit-justify-content: center;
  -ms-flex-pack: center;
  justify-content: center;
  padding: 0 0.8rem;
  -webkit-text-decoration: none;
  text-decoration: none;
}

.c2:focus {
  outline: unset;
  z-index: 2;
  box-shadow: #7467c0 0px 0px 0px 2px;
}

.c2[disabled] {
  cursor: not-allowed;
  opacity: 0.7;
  outline: unset;
  pointer-events: unset;
}

.c2:hover {
  background-color: #efefef;
}

.c2:hover:active {
  background-color: #e3e3e3;
}

.c0 {
  display: -webkit-box;
  display: -webkit-flex;
  display: -ms-flexbox;
  display: flex;
  display: -webkit-inline-box;
  display: -webkit-inline-flex;
  display: -ms-inline-flexbox;
  display: inline-flex;
  -webkit-flex-wrap: wrap;
  -ms-flex-wrap: wrap;
  flex-wrap: wrap;
  -webkit-align-items: center;
  -webkit-box-align: center;
  -ms-flex-align: center;
  align-items: center;
  -webkit-box-pack: start;
  -webkit-justify-content: flex-start;
  -ms-flex-pack: start;
  justify-content: flex-start;
  margin-left: -0.5rem;
  margin-top: -0.5rem;
}

.c0 > * {
  margin-left: 0.5rem;
  margin-top: 0.5rem;
}

<div
  class="c0 c1"
  spacing="xxsmall"
>
  <button
    class="c2 c3"
    kind="default"
    style="size: default;"
    type="button"
  >
    Test
  </button>
  <button
    class="c2 c3"
    kind="default"
    style="size: default;"
    type="button"
  >
    Test 2
  </button>
  <button
    class="c2 c3"
    kind="default"
    style="size: default;"
    type="button"
  >
    Test 3
  </button>
</div>
`;

exports[`renders correctly for an outlined button 1`] = `
.c1 {
  margin: unset;
  padding: unset;
  border: unset;
  background: unset;
  font: unset;
  font-family: inherit;
  font-size: 100%;
  box-sizing: border-box;
  background-color: #fcfcfc;
  color: inherit;
}

.c0 {
  -webkit-align-items: center;
  -webkit-box-align: center;
  -ms-flex-align: center;
  align-items: center;
  background-color: #fcfcfc;
  border: 1px solid #bfbfbf;
  border-radius: 4px;
  color: #435a6f;
  fill: #435a6f;
  cursor: pointer;
  display: -webkit-inline-box;
  display: -webkit-inline-flex;
  display: -ms-inline-flexbox;
  display: inline-flex;
  font-weight: 600;
  height: 2.5em;
  -webkit-box-pack: center;
  -webkit-justify-content: center;
  -ms-flex-pack: center;
  justify-content: center;
  padding: 0 0.8rem;
  -webkit-text-decoration: none;
  text-decoration: none;
}

.c0:focus {
  outline: unset;
  z-index: 2;
  box-shadow: #7467c0 0px 0px 0px 2px;
}

.c0[disabled] {
  cursor: not-allowed;
  opacity: 0.7;
  outline: unset;
  pointer-events: unset;
}

.c0 {
  background-color: unset;
  border: 1px solid #fcfcfc;
  color: #fcfcfc;
  fill: #fcfcfc;
}

.c0:hover {
  color: #435a6f;
  fill: #435a6f;
}

.c0:hover {
  background-color: #efefef;
}

.c0:hover:active {
  background-color: #e3e3e3;
}

<button
  class="c0 c1"
  kind="outlined"
  style="size: default;"
  type="button"
>
  Test
</button>
`;

exports[`renders correctly for an outlined button that is loading 1`] = `
.c1 {
  margin: unset;
  padding: unset;
  border: unset;
  background: unset;
  font: unset;
  font-family: inherit;
  font-size: 100%;
  box-sizing: border-box;
  background-color: #fcfcfc;
  color: inherit;
}

.c3 {
  margin: unset;
  padding: unset;
  border: unset;
  background: unset;
  font: unset;
  font-family: inherit;
  font-size: 100%;
  box-sizing: border-box;
  background-color: unset;
  color: inherit;
}

.c5 {
  margin: unset;
  padding: unset;
  border: unset;
  background: unset;
  font: unset;
  font-family: inherit;
  font-size: 100%;
  box-sizing: border-box;
  background-color: unset;
  color: inherit;
  color: #fcfcfc !important;
}

.c4 {
  font-size: 20px;
  -webkit-animation: iVXCSc 0.6s infinite linear;
  animation: iVXCSc 0.6s infinite linear;
  border: 0.1em solid #fcfcfc;
  border-radius: 100%;
  border-right-color: transparent;
  border-top-color: transparent;
  display: inline-block;
  height: 1em;
  width: 1em;
  position: relative;
}

.c0 {
  -webkit-align-items: center;
  -webkit-box-align: center;
  -ms-flex-align: center;
  align-items: center;
  background-color: #fcfcfc;
  border: 1px solid #bfbfbf;
  border-radius: 4px;
  color: #435a6f;
  fill: #435a6f;
  cursor: pointer;
  display: -webkit-inline-box;
  display: -webkit-inline-flex;
  display: -ms-inline-flexbox;
  display: inline-flex;
  font-weight: 600;
  height: 2.5em;
  -webkit-box-pack: center;
  -webkit-justify-content: center;
  -ms-flex-pack: center;
  justify-content: center;
  padding: 0 0.8rem;
  -webkit-text-decoration: none;
  text-decoration: none;
}

.c0:focus {
  outline: unset;
  z-index: 2;
  box-shadow: #7467c0 0px 0px 0px 2px;
}

.c0[disabled] {
  cursor: not-allowed;
  opacity: 0.7;
  outline: unset;
  pointer-events: unset;
}

.c0 {
  background-color: unset;
  border: 1px solid #fcfcfc;
  color: #fcfcfc;
  fill: #fcfcfc;
}

.c0:hover {
  color: #435a6f;
  fill: #435a6f;
}

.c0 {
  cursor: not-allowed;
}

.c0:focus {
  box-shadow: unset !important;
  outline: unset !important;
}

.c7 {
  -webkit-align-items: center;
  -webkit-box-align: center;
  -ms-flex-align: center;
  align-items: center;
  display: -webkit-inline-box;
  display: -webkit-inline-flex;
  display: -ms-inline-flexbox;
  display: inline-flex;
}

.c2 {
  position: absolute;
  display: -webkit-box;
  display: -webkit-flex;
  display: -ms-flexbox;
  display: flex;
  -webkit-align-items: center;
  -webkit-box-align: center;
  -ms-flex-align: center;
  align-items: center;
  -webkit-box-pack: center;
  -webkit-justify-content: center;
  -ms-flex-pack: center;
  justify-content: center;
}

.c2 + .c6 {
  opacity: 0;
}

<button
  class="c0 c1"
  kind="outlined"
  style="size: default;"
  type="button"
>
  <div
    class="c2 c3"
  >
    <div
      class="c4 c5"
      color="default"
      style="size: default;"
    />
  </div>
  <span
    class="c6 c7"
  >
    Test
  </span>
</button>
`;

exports[`renders correctly for grouped buttons 1`] = `
.c3 {
  margin: unset;
  padding: unset;
  border: unset;
  background: unset;
  font: unset;
  font-family: inherit;
  font-size: 100%;
  box-sizing: border-box;
  background-color: #fcfcfc;
  color: inherit;
}

.c1 {
  margin: unset;
  padding: unset;
  border: unset;
  background: unset;
  font: unset;
  font-family: inherit;
  font-size: 100%;
  box-sizing: border-box;
  background-color: unset;
  color: inherit;
}

.c2 {
  -webkit-align-items: center;
  -webkit-box-align: center;
  -ms-flex-align: center;
  align-items: center;
  background-color: #fcfcfc;
  border: 1px solid #bfbfbf;
  border-radius: 4px;
  color: #435a6f;
  fill: #435a6f;
  cursor: pointer;
  display: -webkit-inline-box;
  display: -webkit-inline-flex;
  display: -ms-inline-flexbox;
  display: inline-flex;
  font-weight: 600;
  height: 2.5em;
  -webkit-box-pack: center;
  -webkit-justify-content: center;
  -ms-flex-pack: center;
  justify-content: center;
  padding: 0 0.8rem;
  -webkit-text-decoration: none;
  text-decoration: none;
}

.c2:focus {
  outline: unset;
  z-index: 2;
  box-shadow: #7467c0 0px 0px 0px 2px;
}

.c2[disabled] {
  cursor: not-allowed;
  opacity: 0.7;
  outline: unset;
  pointer-events: unset;
}

.c2:hover {
  background-color: #efefef;
}

.c2:hover:active {
  background-color: #e3e3e3;
}

.c0 {
  display: -webkit-box;
  display: -webkit-flex;
  display: -ms-flexbox;
  display: flex;
  -webkit-flex-direction: row;
  -ms-flex-direction: row;
  flex-direction: row;
}

.c0 > *:not(:first-child):not(:last-child),
.c0 > *:not(:first-child):not(:last-child) .GroupItem-sc-2orogz-0 {
  border-radius: 0;
  border-left-width: 0;
}

.c0 > *:first-child,
.c0 > *:first-child .GroupItem-sc-2orogz-0 {
  border-bottom-right-radius: 0;
  border-top-right-radius: 0;
}

.c0 > *:last-child,
.c0 > *:last-child .GroupItem-sc-2orogz-0 {
  border-top-left-radius: 0;
  border-left-width: 0;
  border-bottom-left-radius: 0;
}

.c0 > * {
  border-radius: 4px;
}

.c0 input:focus,
.c0 select:focus {
  z-index: 1;
  position: relative;
}

.c0 > *:first-child input,
.c0 > *:first-child select {
  border-bottom-right-radius: 0;
  border-top-right-radius: 0;
}

.c0 > *:last-child input,
.c0 > *:last-child select {
  border-top-left-radius: 0;
  border-bottom-left-radius: 0;
}

.c0 > *:not(:first-child):not(:last-child) > input,
.c0 > *:not(:first-child):not(:last-child) > select {
  border-radius: 0;
}

<div
  class="c0 c1"
  role="group"
>
  <button
    class="c2 c3"
    kind="default"
    style="size: default;"
    type="button"
  >
    Test
  </button>
  <button
    class="c2 c3"
    kind="default"
    style="size: default;"
    type="button"
  >
    Test 2
  </button>
  <button
    class="c2 c3"
    kind="default"
    style="size: default;"
    type="button"
  >
    Test 3
  </button>
</div>
`;
