// Jest Snapshot v1, https://goo.gl/fbAQLP

exports[`renders correctly for a default modal 1`] = `
.c1 {
  margin: unset;
  padding: unset;
  border: unset;
  background: unset;
  font: unset;
  font-family: inherit;
  font-size: 100%;
  box-sizing: border-box;
  background-color: unset;
  color: inherit;
}

.c0 {
  -webkit-transform: translate3d(0px,0px,0px);
  -ms-transform: translate3d(0px,0px,0px);
  transform: translate3d(0px,0px,0px);
  position: fixed;
  top: 0;
  left: 0;
  width: 100%;
  height: 100%;
  z-index: 998;
  -webkit-tap-highlight-color: rgba(0,0,0,0);
  -moz-tap-highlight-color: rgba(0,0,0,0);
  background-color: black;
  opacity: 0.4;
}

.c0[aria-hidden="true"] {
  pointer-events: none;
  display: none !important;
}

.c3 {
  -webkit-transform: translate3d(-50%,-50%,0px);
  -ms-transform: translate3d(-50%,-50%,0px);
  transform: translate3d(-50%,-50%,0px);
  position: fixed;
  z-index: 19900410;
  left: 50%;
  top: 50%;
}

.c3[aria-hidden="true"] {
  pointer-events: none;
  display: none !important;
}

.c2 {
  padding: 0 1rem;
  max-width: 600px;
  width: 100%;
}

<portal>
  <div>
    <button
      aria-hidden="false"
      class="c0 c1 "
      role="button"
      tabindex="-1"
    />
    <div
      aria-hidden="false"
      aria-modal="true"
      class="c2 c3 c1"
      role="dialog"
    >
      <div
        class="c1"
      >
        This is the content
      </div>
    </div>
  </div>
</portal>
`;
