// Jest Snapshot v1, https://goo.gl/fbAQLP

exports[`composition as should render correctly 1`] = `
.emotion-0 {
  margin: unset;
  padding: unset;
  border: unset;
  background: unset;
  font: unset;
  font-family: inherit;
  font-size: 100%;
  box-sizing: border-box;
}

.emotion-0:focus:not(:focus-visible) {
  outline: none;
}

.emotion-2 {
  background-color: rgba(0,0,0,0.5);
  position: fixed;
  top: 0;
  right: 0;
  bottom: 0;
  left: 0;
  z-index: 19900409;
}

<div
  class="emotion-0 emotion-1 emotion-2 hidden fp-Box fp-ModalBackdrop"
  hidden=""
  role="presentation"
  style="display: none;"
>
  Toggle
</div>
`;

exports[`composition hook should return with Modal.Backdrop props 1`] = `
Object {
  "className": "css-m7088q css-1pwrqjj css-3ekj6a hidden fp-Box fp-ModalBackdrop",
  "hidden": true,
  "id": undefined,
  "onAnimationEnd": [Function],
  "onTransitionEnd": [Function],
  "role": "presentation",
  "style": Object {
    "display": "none",
  },
}
`;

exports[`composition render props should render correctly 1`] = `
.emotion-0 {
  margin: unset;
  padding: unset;
  border: unset;
  background: unset;
  font: unset;
  font-family: inherit;
  font-size: 100%;
  box-sizing: border-box;
}

.emotion-0:focus:not(:focus-visible) {
  outline: none;
}

.emotion-2 {
  background-color: rgba(0,0,0,0.5);
  position: fixed;
  top: 0;
  right: 0;
  bottom: 0;
  left: 0;
  z-index: 19900409;
}

<div
  class="emotion-0 emotion-1 emotion-2 hidden fp-Box fp-ModalBackdrop"
  hidden=""
  role="presentation"
  style="display: none;"
>
  Hello world
</div>
`;

exports[`defaultProps should render correctly for className 1`] = `
.emotion-1 {
  margin: unset;
  padding: unset;
  border: unset;
  background: unset;
  font: unset;
  font-family: inherit;
  font-size: 100%;
  box-sizing: border-box;
}

.emotion-1:focus:not(:focus-visible) {
  outline: none;
}

.emotion-0 {
  background-color: rgba(0,0,0,0.5);
  position: fixed;
  top: 0;
  right: 0;
  bottom: 0;
  left: 0;
  z-index: 19900409;
}

<div
  class="emotion-0 emotion-1 emotion-2 hidden red fp-Box fp-ModalBackdrop"
  hidden=""
  role="presentation"
  style="display: none;"
>
  Toggle
</div>
`;

exports[`overrides Modal.Backdrop.root should render correctly 1`] = `
.emotion-1 {
  margin: unset;
  padding: unset;
  border: unset;
  background: unset;
  font: unset;
  font-family: inherit;
  font-size: 100%;
  box-sizing: border-box;
}

.emotion-1:focus:not(:focus-visible) {
  outline: none;
}

.emotion-0 {
  background-color: rgba(0,0,0,0.5);
  position: fixed;
  top: 0;
  right: 0;
  bottom: 0;
  left: 0;
  z-index: 19900409;
}

.emotion-0 {
  background-color: red;
}

<div
  class="emotion-0 emotion-1 emotion-2 hidden fp-Box fp-ModalBackdrop"
  hidden=""
  role="presentation"
  style="display: none;"
>
  Toggle
</div>
`;

exports[`props should render correctly 1`] = `
.emotion-1 {
  margin: unset;
  padding: unset;
  border: unset;
  background: unset;
  font: unset;
  font-family: inherit;
  font-size: 100%;
  box-sizing: border-box;
}

.emotion-1:focus:not(:focus-visible) {
  outline: none;
}

.emotion-0 {
  background-color: rgba(0,0,0,0.5);
  position: fixed;
  top: 0;
  right: 0;
  bottom: 0;
  left: 0;
  z-index: 19900409;
}

<div
  class="emotion-0 emotion-1 emotion-2 hidden fp-Box fp-ModalBackdrop"
  hidden=""
  role="presentation"
  style="display: none;"
>
  Toggle
</div>
`;

exports[`theming Modal.Backdrop.root should render correctly 1`] = `
.emotion-1 {
  margin: unset;
  padding: unset;
  border: unset;
  background: unset;
  font: unset;
  font-family: inherit;
  font-size: 100%;
  box-sizing: border-box;
}

.emotion-1:focus:not(:focus-visible) {
  outline: none;
}

.emotion-0 {
  background-color: rgba(0,0,0,0.5);
  position: fixed;
  top: 0;
  right: 0;
  bottom: 0;
  left: 0;
  z-index: 19900409;
}

.emotion-0 {
  background-color: red;
}

<div
  class="emotion-0 emotion-1 emotion-2 hidden fp-Box fp-ModalBackdrop"
  hidden=""
  role="presentation"
  style="display: none;"
>
  Toggle
</div>
`;
