// Jest Snapshot v1, https://goo.gl/fbAQLP

exports[`composition hook should return with Rover props 1`] = `
Object {
  "aria-disabled": undefined,
  "className": "css-13h683e css-1pwrqjj css-3ekj6a fp-Box fp-Rover",
  "disabled": undefined,
  "id": "test",
  "loop": false,
  "onClick": [Function],
  "onFocus": [Function],
  "onKeyDown": [Function],
  "onMouseDown": [Function],
  "orientation": undefined,
  "ref": [Function],
  "style": undefined,
  "tabIndex": 0,
}
`;

exports[`composition render props should render correctly 1`] = `
.emotion-1 {
  margin: unset;
  padding: unset;
  border: unset;
  background: unset;
  font: unset;
  font-family: inherit;
  font-size: 100%;
  box-sizing: border-box;
}

.emotion-1:focus:not(:focus-visible) {
  outline: none;
}

<p
  class="emotion-0 emotion-1 emotion-2 fp-Box fp-Rover"
  id="test1"
  tabindex="0"
>
  Hello world
</p>
`;

exports[`composition use should render correctly 1`] = `
.emotion-1 {
  margin: unset;
  padding: unset;
  border: unset;
  background: unset;
  font: unset;
  font-family: inherit;
  font-size: 100%;
  box-sizing: border-box;
}

.emotion-1:focus:not(:focus-visible) {
  outline: none;
}

.emotion-0 {
  -webkit-align-items: center;
  -webkit-box-align: center;
  -ms-flex-align: center;
  align-items: center;
  background-color: #fcfcfc;
  border-radius: 4px;
  color: #212121;
  fill: #212121;
  cursor: pointer;
  display: -webkit-inline-box;
  display: -webkit-inline-flex;
  display: -ms-inline-flexbox;
  display: inline-flex;
  font-weight: 600;
  min-height: 2.5em;
  -webkit-box-pack: center;
  -webkit-justify-content: center;
  -ms-flex-pack: center;
  justify-content: center;
  padding: 0 0.8rem;
  -webkit-text-decoration: none;
  text-decoration: none;
  -webkit-hyphens: auto;
  -moz-hyphens: auto;
  -ms-hyphens: auto;
  hyphens: auto;
  -webkit-transition: box-shadow 0.1s ease-in-out 0s,border 0.1s,background-color 0.1s;
  transition: box-shadow 0.1s ease-in-out 0s,border 0.1s,background-color 0.1s;
  border: 1px solid #d9d9d9;
}

.emotion-0[disabled],
.emotion-0[aria-disabled="true"] {
  cursor: not-allowed;
  opacity: 0.7;
  outline: unset;
  pointer-events: unset;
}

.emotion-0:focus {
  outline: unset;
  z-index: 2;
  box-shadow: gray 0px 0px 0px 1px, #a6a6a6 0px 0px 0px 3px;
  border-color: transparent;
}

.emotion-0:hover {
  background-color: #efefef;
}

.emotion-0:hover:active {
  background-color: #d6d6d6;
}

.emotion-4 {
  -webkit-align-items: center;
  -webkit-box-align: center;
  -ms-flex-align: center;
  align-items: center;
  background-color: #fcfcfc;
  border-radius: 4px;
  color: #212121;
  fill: #212121;
  cursor: pointer;
  display: -webkit-inline-box;
  display: -webkit-inline-flex;
  display: -ms-inline-flexbox;
  display: inline-flex;
  font-weight: 600;
  min-height: 2.5em;
  -webkit-box-pack: center;
  -webkit-justify-content: center;
  -ms-flex-pack: center;
  justify-content: center;
  padding: 0 0.8rem;
  -webkit-text-decoration: none;
  text-decoration: none;
  -webkit-hyphens: auto;
  -moz-hyphens: auto;
  -ms-hyphens: auto;
  hyphens: auto;
  -webkit-transition: box-shadow 0.1s ease-in-out 0s,border 0.1s,background-color 0.1s;
  transition: box-shadow 0.1s ease-in-out 0s,border 0.1s,background-color 0.1s;
  border: 1px solid #d9d9d9;
}

.emotion-4[disabled],
.emotion-4[aria-disabled="true"] {
  cursor: not-allowed;
  opacity: 0.7;
  outline: unset;
  pointer-events: unset;
}

<div>
  <button
    class="emotion-0 emotion-1 emotion-2 emotion-3 fp-Box fp-Rover fp-Button"
    id="test1"
    tabindex="0"
    type="button"
  >
    Hello world
  </button>
  <button
    aria-disabled="true"
    class="emotion-4 emotion-1 emotion-2 emotion-3 fp-Box fp-Rover fp-Button"
    disabled=""
    id="test2"
    type="button"
  >
    Hello world
  </button>
  <button
    class="emotion-0 emotion-1 emotion-2 emotion-3 fp-Box fp-Rover fp-Button"
    id="test3"
    tabindex="-1"
    type="button"
  >
    Hello world
  </button>
</div>
`;

exports[`defaultProps should render correctly for className 1`] = `
.emotion-1 {
  margin: unset;
  padding: unset;
  border: unset;
  background: unset;
  font: unset;
  font-family: inherit;
  font-size: 100%;
  box-sizing: border-box;
}

.emotion-1:focus:not(:focus-visible) {
  outline: none;
}

<div
  class="emotion-0 emotion-1 emotion-2 test fp-Box fp-Rover"
  id="test1"
  tabindex="0"
>
  Hello world
</div>
`;

exports[`overrides Rover.root should render correctly 1`] = `
.emotion-1 {
  margin: unset;
  padding: unset;
  border: unset;
  background: unset;
  font: unset;
  font-family: inherit;
  font-size: 100%;
  box-sizing: border-box;
}

.emotion-1:focus:not(:focus-visible) {
  outline: none;
}

.emotion-0 {
  background-color: red;
}

<div
  class="emotion-0 emotion-1 emotion-2 fp-Box fp-Rover"
  id="test1"
  tabindex="0"
>
  Hello world
</div>
`;

exports[`props should render correctly 1`] = `
.emotion-1 {
  margin: unset;
  padding: unset;
  border: unset;
  background: unset;
  font: unset;
  font-family: inherit;
  font-size: 100%;
  box-sizing: border-box;
}

.emotion-1:focus:not(:focus-visible) {
  outline: none;
}

.emotion-0 {
  -webkit-align-items: center;
  -webkit-box-align: center;
  -ms-flex-align: center;
  align-items: center;
  background-color: #fcfcfc;
  border-radius: 4px;
  color: #212121;
  fill: #212121;
  cursor: pointer;
  display: -webkit-inline-box;
  display: -webkit-inline-flex;
  display: -ms-inline-flexbox;
  display: inline-flex;
  font-weight: 600;
  min-height: 2.5em;
  -webkit-box-pack: center;
  -webkit-justify-content: center;
  -ms-flex-pack: center;
  justify-content: center;
  padding: 0 0.8rem;
  -webkit-text-decoration: none;
  text-decoration: none;
  -webkit-hyphens: auto;
  -moz-hyphens: auto;
  -ms-hyphens: auto;
  hyphens: auto;
  -webkit-transition: box-shadow 0.1s ease-in-out 0s,border 0.1s,background-color 0.1s;
  transition: box-shadow 0.1s ease-in-out 0s,border 0.1s,background-color 0.1s;
  border: 1px solid #d9d9d9;
}

.emotion-0[disabled],
.emotion-0[aria-disabled="true"] {
  cursor: not-allowed;
  opacity: 0.7;
  outline: unset;
  pointer-events: unset;
}

.emotion-0:focus {
  outline: unset;
  z-index: 2;
  box-shadow: gray 0px 0px 0px 1px, #a6a6a6 0px 0px 0px 3px;
  border-color: transparent;
}

.emotion-0:hover {
  background-color: #efefef;
}

.emotion-0:hover:active {
  background-color: #d6d6d6;
}

.emotion-4 {
  -webkit-align-items: center;
  -webkit-box-align: center;
  -ms-flex-align: center;
  align-items: center;
  background-color: #fcfcfc;
  border-radius: 4px;
  color: #212121;
  fill: #212121;
  cursor: pointer;
  display: -webkit-inline-box;
  display: -webkit-inline-flex;
  display: -ms-inline-flexbox;
  display: inline-flex;
  font-weight: 600;
  min-height: 2.5em;
  -webkit-box-pack: center;
  -webkit-justify-content: center;
  -ms-flex-pack: center;
  justify-content: center;
  padding: 0 0.8rem;
  -webkit-text-decoration: none;
  text-decoration: none;
  -webkit-hyphens: auto;
  -moz-hyphens: auto;
  -ms-hyphens: auto;
  hyphens: auto;
  -webkit-transition: box-shadow 0.1s ease-in-out 0s,border 0.1s,background-color 0.1s;
  transition: box-shadow 0.1s ease-in-out 0s,border 0.1s,background-color 0.1s;
  border: 1px solid #d9d9d9;
}

.emotion-4[disabled],
.emotion-4[aria-disabled="true"] {
  cursor: not-allowed;
  opacity: 0.7;
  outline: unset;
  pointer-events: unset;
}

<div>
  <button
    class="emotion-0 emotion-1 emotion-2 emotion-3 fp-Box fp-Rover fp-Button"
    id="test1"
    tabindex="0"
    type="button"
  >
    Hello world
  </button>
  <button
    aria-disabled="true"
    class="emotion-4 emotion-1 emotion-2 emotion-3 fp-Box fp-Rover fp-Button"
    disabled=""
    id="test2"
    type="button"
  >
    Hello world
  </button>
  <button
    class="emotion-0 emotion-1 emotion-2 emotion-3 fp-Box fp-Rover fp-Button"
    id="test3"
    tabindex="-1"
    type="button"
  >
    Hello world
  </button>
</div>
`;

exports[`theming Rover.root should render correctly 1`] = `
.emotion-1 {
  margin: unset;
  padding: unset;
  border: unset;
  background: unset;
  font: unset;
  font-family: inherit;
  font-size: 100%;
  box-sizing: border-box;
}

.emotion-1:focus:not(:focus-visible) {
  outline: none;
}

.emotion-0 {
  background-color: red;
}

<div
  class="emotion-0 emotion-1 emotion-2 fp-Box fp-Rover"
  id="test1"
  tabindex="0"
>
  Hello world
</div>
`;
