// Jest Snapshot v1, https://goo.gl/fbAQLP

exports[`renders correctly for a basic paragraph 1`] = `
.c1 {
  margin: unset;
  padding: unset;
  border: unset;
  background: unset;
  font: unset;
  font-family: inherit;
  font-size: 100%;
  box-sizing: border-box;
  background-color: unset;
  color: inherit;
}

.c1:focus:not(:focus-visible) {
  outline: none;
}

.c0:not(:last-child) {
  margin-bottom: 1rem;
}

.c0 .c2 {
  top: 0.15em;
}

<p
  class="c0 c1"
>
  test
</p>
`;
