// Jest Snapshot v1, https://goo.gl/fbAQLP

exports[`renders correctly for a basic label 1`] = `
.c2 {
  margin: unset;
  padding: unset;
  border: unset;
  background: unset;
  font: unset;
  font-family: inherit;
  font-size: 100%;
  box-sizing: border-box;
  background-color: unset;
  color: inherit;
}

.c2:focus:not(:focus-visible) {
  outline: none;
}

.c1 {
  display: inline-block;
}

.c0 {
  display: block;
  font-weight: 600;
  margin-bottom: 0.25rem;
  line-height: 1;
}

<label
  class="c0 c1 c2"
>
  Hello world
</label>
`;
