// Jest Snapshot v1, https://goo.gl/fbAQLP

exports[`props renders correctly for a basic menu 1`] = `
.c1 {
  margin: unset;
  padding: unset;
  border: unset;
  background: unset;
  font: unset;
  font-family: inherit;
  font-size: 100%;
  box-sizing: border-box;
  background-color: unset;
  color: inherit;
}

.c1:focus:not(:focus-visible) {
  outline: none;
}

.c4 {
  margin: unset;
  padding: unset;
  border: unset;
  background: unset;
  font: unset;
  font-family: inherit;
  font-size: 100%;
  box-sizing: border-box;
  background-color: #444bc9;
  color: inherit;
}

.c4:focus:not(:focus-visible) {
  outline: none;
}

.c3 {
  background-color: unset;
  cursor: pointer;
  display: block;
  font-weight: 600;
  padding: 0.375rem 1rem;
  text-align: left;
  width: 100%;
}

a.c3 {
  color: unset;
  fill: unset;
  -webkit-text-decoration: unset;
  text-decoration: unset;
}

a.c3:hover {
  color: unset;
  fill: unset;
}

.c3[disabled] {
  cursor: not-allowed;
  opacity: 0.5;
}

.c3:not(:disabled):focus {
  outline: unset;
  background-color: #f7f7f7;
}

.c3:not(:disabled):hover {
  background-color: #f7f7f7;
}

.c3:not(:disabled):focus:active,
.c3:not(:disabled):hover:active {
  background-color: #f2f2f2;
}

.c3 .c5 {
  top: 0.15em;
}

.c2 {
  margin: 0.5rem 0;
  width: 100%;
}

.c0 {
  display: -webkit-box;
  display: -webkit-flex;
  display: -ms-flexbox;
  display: flex;
  -webkit-align-items: flex-start;
  -webkit-box-align: flex-start;
  -ms-flex-align: flex-start;
  align-items: flex-start;
  -webkit-flex-direction: column;
  -ms-flex-direction: column;
  flex-direction: column;
}

<nav
  aria-label="Main menu"
  aria-orientation="vertical"
  class="c0 c1"
  role="menu"
>
  <div
    class="c2 c1"
  >
    <button
      class="c3 c4"
      role="menuitem"
      type="button"
    >
      Edit...
    </button>
    <button
      class="c3 c4"
      role="menuitem"
      type="button"
    >
      Share...
    </button>
  </div>
</nav>
`;

exports[`props renders correctly for a horizontal menu 1`] = `
.c1 {
  margin: unset;
  padding: unset;
  border: unset;
  background: unset;
  font: unset;
  font-family: inherit;
  font-size: 100%;
  box-sizing: border-box;
  background-color: unset;
  color: inherit;
}

.c1:focus:not(:focus-visible) {
  outline: none;
}

.c6 {
  margin: unset;
  padding: unset;
  border: unset;
  background: unset;
  font: unset;
  font-family: inherit;
  font-size: 100%;
  box-sizing: border-box;
  background-color: #444bc9;
  color: inherit;
}

.c6:focus:not(:focus-visible) {
  outline: none;
}

.c9 {
  fill: inherit;
  position: relative;
  font-size: 1em;
  height: 1em;
  width: 1em;
}

.c12 {
  border-color: currentColor;
  border-style: solid;
  opacity: 0.2;
  margin: 1em 0;
  height: 0;
  border-width: 1px 0 0 0;
}

.c11 {
  opacity: 1;
  border-color: #e7e9ed;
}

.c5 {
  background-color: unset;
  cursor: pointer;
  display: block;
  font-weight: 600;
  padding: 0.375rem 1rem;
  text-align: left;
  width: 100%;
}

a.c5 {
  color: unset;
  fill: unset;
  -webkit-text-decoration: unset;
  text-decoration: unset;
}

a.c5:hover {
  color: unset;
  fill: unset;
}

.c5[disabled] {
  cursor: not-allowed;
  opacity: 0.5;
}

.c5:not(:disabled):focus {
  outline: unset;
  background-color: #f7f7f7;
}

.c5:not(:disabled):hover {
  background-color: #f7f7f7;
}

.c5:not(:disabled):focus:active,
.c5:not(:disabled):hover:active {
  background-color: #f2f2f2;
}

.c5 .c8 {
  top: 0.15em;
}

.c13 .c8 {
  top: 0.15em;
}

.c10 {
  margin: 0;
  width: 100%;
}

.c7 {
  margin-right: 0.5rem;
}

.c3 {
  margin: 0.5rem 0;
  width: 100%;
}

.c0 {
  display: -webkit-box;
  display: -webkit-flex;
  display: -ms-flexbox;
  display: flex;
  -webkit-align-items: flex-start;
  -webkit-box-align: flex-start;
  -ms-flex-align: flex-start;
  align-items: flex-start;
  -webkit-flex-direction: row;
  -ms-flex-direction: row;
  flex-direction: row;
}

.c0 .c2 {
  display: -webkit-box;
  display: -webkit-flex;
  display: -ms-flexbox;
  display: flex;
  -webkit-flex-direction: row;
  -ms-flex-direction: row;
  flex-direction: row;
  -webkit-flex-wrap: wrap;
  -ms-flex-wrap: wrap;
  flex-wrap: wrap;
}

.c0 .c4 {
  width: unset;
}

<nav
  aria-label="Main menu"
  aria-orientation="horizontal"
  class="c0 c1"
  role="menu"
>
  <div
    class="c2 c3 c1"
  >
    <button
      class="c4 c5 c6"
      role="menuitem"
      type="button"
    >
      <svg
        aria-hidden="true"
        class="c7 c8 c9 c1"
        role="img"
        size="1"
        style="size: 1px;"
        viewBox="0 0 512 512"
      >
        <path
          d="M504 256c0 136.967-111.033 248-248 248S8 392.967 8 256 119.033 8 256 8s248 111.033 248 248zM227.314 387.314l184-184c6.248-6.248 6.248-16.379 0-22.627l-22.627-22.627c-6.248-6.249-16.379-6.249-22.628 0L216 308.118l-70.059-70.059c-6.248-6.248-16.379-6.248-22.628 0l-22.627 22.627c-6.248 6.248-6.248 16.379 0 22.627l104 104c6.249 6.249 16.379 6.249 22.628.001z"
          fill="currentColor"
          fill-rule="evenodd"
        />
      </svg>
      Edit...
    </button>
    <button
      class="c4 c5 c6"
      role="menuitem"
      type="button"
    >
      <svg
        aria-hidden="true"
        class="c7 c8 c9 c1"
        role="img"
        size="1"
        style="size: 1px;"
        viewBox="0 0 512 512"
      >
        <path
          d="M504 256c0 136.997-111.043 248-248 248S8 392.997 8 256C8 119.083 119.043 8 256 8s248 111.083 248 248zm-248 50c-25.405 0-46 20.595-46 46s20.595 46 46 46 46-20.595 46-46-20.595-46-46-46zm-43.673-165.346l7.418 136c.347 6.364 5.609 11.346 11.982 11.346h48.546c6.373 0 11.635-4.982 11.982-11.346l7.418-136c.375-6.874-5.098-12.654-11.982-12.654h-63.383c-6.884 0-12.356 5.78-11.981 12.654z"
          fill="currentColor"
          fill-rule="evenodd"
        />
      </svg>
      Share...
    </button>
  </div>
  <hr
    class="c10 c11 c12 c1"
    role="separator"
  />
  <div
    class="c2 c3 c1"
  >
    <button
      class="c4 c5 c6"
      role="menuitem"
      type="button"
    >
      Go to google
    </button>
  </div>
</nav>
`;

exports[`props renders correctly for a menu popover 1`] = `
.c11 {
  margin: unset;
  padding: unset;
  border: unset;
  background: unset;
  font: unset;
  font-family: inherit;
  font-size: 100%;
  box-sizing: border-box;
  background-color: unset;
  color: inherit;
}

.c11:focus:not(:focus-visible) {
  outline: none;
}

.c17 {
  margin: unset;
  padding: unset;
  border: unset;
  background: unset;
  font: unset;
  font-family: inherit;
  font-size: 100%;
  box-sizing: border-box;
  background-color: #444bc9;
  color: inherit;
}

.c17:focus:not(:focus-visible) {
  outline: none;
}

.c1 {
  margin: unset;
  padding: unset;
  border: unset;
  background: unset;
  font: unset;
  font-family: inherit;
  font-size: 100%;
  box-sizing: border-box;
  background-color: unset;
  color: inherit;
}

.c1:focus:not(:focus-visible) {
  outline: none;
}

.c1.c1.c1 {
  position: relative;
}

.c3 {
  margin: unset;
  padding: unset;
  border: unset;
  background: unset;
  font: unset;
  font-family: inherit;
  font-size: 100%;
  box-sizing: border-box;
  background-color: #fcfcfc;
  color: inherit;
}

.c3:focus:not(:focus-visible) {
  outline: none;
}

.c8 {
  margin: unset;
  padding: unset;
  border: unset;
  background: unset;
  font: unset;
  font-family: inherit;
  font-size: 100%;
  box-sizing: border-box;
  background-color: white;
  color: inherit;
}

.c8:focus:not(:focus-visible) {
  outline: none;
}

.c18 {
  margin: unset;
  padding: unset;
  border: unset;
  background: unset;
  font: unset;
  font-family: inherit;
  font-size: 100%;
  box-sizing: border-box;
  background-color: #444bc9;
  color: inherit;
  color: #c9444d !important;
}

.c18:focus:not(:focus-visible) {
  outline: none;
}

.c0 {
  display: inline-block;
}

.c2 {
  -webkit-align-items: center;
  -webkit-box-align: center;
  -ms-flex-align: center;
  align-items: center;
  background-color: #fcfcfc;
  border-radius: 4px;
  color: #435a6f;
  fill: #435a6f;
  cursor: pointer;
  display: -webkit-inline-box;
  display: -webkit-inline-flex;
  display: -ms-inline-flexbox;
  display: inline-flex;
  font-weight: 600;
  min-height: 2.5em;
  -webkit-box-pack: center;
  -webkit-justify-content: center;
  -ms-flex-pack: center;
  justify-content: center;
  padding: 0 0.8rem;
  -webkit-text-decoration: none;
  text-decoration: none;
  -webkit-hyphens: auto;
  -moz-hyphens: auto;
  -ms-hyphens: auto;
  hyphens: auto;
  border: 1px solid #b3b3b3;
}

.c2:focus {
  outline: unset;
  z-index: 2;
  box-shadow: #444bc9 0px 0px 0px 2px;
}

.c2[disabled] {
  cursor: not-allowed;
  opacity: 0.7;
  outline: unset;
  pointer-events: unset;
}

.c2:hover {
  background-color: #efefef;
}

.c2:hover:active {
  background-color: #e3e3e3;
}

.c9 {
  background-color: white;
  border-radius: 3px;
  box-shadow: 0px 4px 8px 0px rgba(0,0,0,0.1),0px 0px 0px 1px rgba(0,0,0,0.1);
}

.c7 {
  -webkit-transform: translate3d(0px,0px,0px);
  -ms-transform: translate3d(0px,0px,0px);
  transform: translate3d(0px,0px,0px);
}

.c7[aria-hidden="true"] {
  pointer-events: none;
  display: none !important;
}

.c21 {
  border-color: currentColor;
  border-style: solid;
  opacity: 0.2;
  margin: 1em 0;
  height: 0;
  border-width: 1px 0 0 0;
}

.c6 {
  position: absolute;
  top: 0;
  left: 0;
  -webkit-user-select: auto;
  -moz-user-select: auto;
  -ms-user-select: auto;
  user-select: auto;
  cursor: auto;
  z-index: 999;
}

.c22 {
  color: #444bc9;
  fill: #444bc9;
  cursor: pointer;
  -webkit-text-decoration: underline;
  text-decoration: underline;
  -webkit-text-decoration-skip: ink edges;
  text-decoration-skip: ink edges;
}

.c22:hover {
  color: #03040b;
  fill: #03040b;
}

.c22 .c24 {
  top: 0.15em;
}

.c20 {
  opacity: 1;
  border-color: #e7e9ed;
}

.c5 {
  display: block;
  padding: 1.25rem;
}

.c16 {
  background-color: unset;
  cursor: pointer;
  display: block;
  font-weight: 600;
  padding: 0.375rem 1rem;
  text-align: left;
  width: 100%;
}

a.c16 {
  color: unset;
  fill: unset;
  -webkit-text-decoration: unset;
  text-decoration: unset;
}

a.c16:hover {
  color: unset;
  fill: unset;
}

.c16[disabled] {
  cursor: not-allowed;
  opacity: 0.5;
}

.c16:not(:disabled):focus {
  outline: unset;
  background-color: #f7f7f7;
}

.c16:not(:disabled):hover {
  background-color: #f7f7f7;
}

.c16:not(:disabled):focus:active,
.c16:not(:disabled):hover:active {
  background-color: #f2f2f2;
}

.c16 .c24 {
  top: 0.15em;
}

.c19 {
  margin: 0;
  width: 100%;
}

.c13 {
  margin: 0.5rem 0;
  width: 100%;
}

.c14 {
  color: #60819f;
  font-size: 0.75rem;
  font-weight: 600;
  -webkit-letter-spacing: 1px;
  -moz-letter-spacing: 1px;
  -ms-letter-spacing: 1px;
  letter-spacing: 1px;
  padding: 0.5rem 1rem;
  padding-top: 0.25rem;
  text-transform: uppercase;
}

.c4 {
  padding: 0px;
  width: 200px;
}

.c10 {
  display: -webkit-box;
  display: -webkit-flex;
  display: -ms-flexbox;
  display: flex;
  -webkit-align-items: flex-start;
  -webkit-box-align: flex-start;
  -ms-flex-align: flex-start;
  align-items: flex-start;
  -webkit-flex-direction: column;
  -ms-flex-direction: column;
  flex-direction: column;
}

.c23 .c12 {
  display: -webkit-box;
  display: -webkit-flex;
  display: -ms-flexbox;
  display: flex;
  -webkit-flex-direction: row;
  -ms-flex-direction: row;
  flex-direction: row;
  -webkit-flex-wrap: wrap;
  -ms-flex-wrap: wrap;
  flex-wrap: wrap;
}

.c23 .c15 {
  width: unset;
}

<div
  class="c0 c1"
>
  <button
    aria-haspopup="menu"
    class="c2 c3 "
    kind="default"
    type="button"
  >
    Toggle menu
  </button>
  <div
    aria-hidden="true"
    class="c4 c5 c6 c7 c8 c9"
    data-placement="bottom-start"
    elevation="200"
    hidden=""
    id="popover0"
    role="group"
    style="elevation: 200;"
  >
    <nav
      aria-label="Main menu"
      aria-orientation="vertical"
      class="c10 c11"
      role="menu"
    >
      <div
        class="c12 c13 c11"
      >
        <div
          class="c14 c11"
        >
          Actions
        </div>
        <button
          class="c15 c16 c17"
          role="menuitem"
          type="button"
        >
          Edit...
        </button>
        <button
          class="c15 c16 c17"
          role="menuitem"
          type="button"
        >
          Share...
        </button>
        <button
          class="c15 c16 c17"
          role="menuitem"
          type="button"
        >
          Rename...
        </button>
        <button
          class="c15 c16 c18"
          color="danger"
          role="menuitem"
          type="button"
        >
          Delete...
        </button>
      </div>
      <hr
        class="c19 c20 c21 c11"
        role="separator"
      />
      <div
        class="c12 c13 c11"
      >
        <div
          class="c14 c11"
        >
          Links
        </div>
        <a
          class="c15 c16 c17 c22 "
          href="https://google.com"
          role="menuitem"
          type="button"
        >
          Go to Google
        </a>
      </div>
    </nav>
  </div>
</div>
`;

exports[`props renders correctly for a menu with a disabled item 1`] = `
.c1 {
  margin: unset;
  padding: unset;
  border: unset;
  background: unset;
  font: unset;
  font-family: inherit;
  font-size: 100%;
  box-sizing: border-box;
  background-color: unset;
  color: inherit;
}

.c1:focus:not(:focus-visible) {
  outline: none;
}

.c4 {
  margin: unset;
  padding: unset;
  border: unset;
  background: unset;
  font: unset;
  font-family: inherit;
  font-size: 100%;
  box-sizing: border-box;
  background-color: #444bc9;
  color: inherit;
}

.c4:focus:not(:focus-visible) {
  outline: none;
}

.c7 {
  fill: inherit;
  position: relative;
  font-size: 1em;
  height: 1em;
  width: 1em;
}

.c3 {
  background-color: unset;
  cursor: pointer;
  display: block;
  font-weight: 600;
  padding: 0.375rem 1rem;
  text-align: left;
  width: 100%;
}

a.c3 {
  color: unset;
  fill: unset;
  -webkit-text-decoration: unset;
  text-decoration: unset;
}

a.c3:hover {
  color: unset;
  fill: unset;
}

.c3[disabled] {
  cursor: not-allowed;
  opacity: 0.5;
}

.c3:not(:disabled):focus {
  outline: unset;
  background-color: #f7f7f7;
}

.c3:not(:disabled):hover {
  background-color: #f7f7f7;
}

.c3:not(:disabled):focus:active,
.c3:not(:disabled):hover:active {
  background-color: #f2f2f2;
}

.c3 .c6 {
  top: 0.15em;
}

.c8 .c6 {
  top: 0.15em;
}

.c5 {
  margin-right: 0.5rem;
}

.c2 {
  margin: 0.5rem 0;
  width: 100%;
}

.c0 {
  display: -webkit-box;
  display: -webkit-flex;
  display: -ms-flexbox;
  display: flex;
  -webkit-align-items: flex-start;
  -webkit-box-align: flex-start;
  -ms-flex-align: flex-start;
  align-items: flex-start;
  -webkit-flex-direction: column;
  -ms-flex-direction: column;
  flex-direction: column;
}

<nav
  aria-label="Main menu"
  aria-orientation="vertical"
  class="c0 c1"
  role="menu"
>
  <div
    class="c2 c1"
  >
    <button
      class="c3 c4"
      disabled=""
      role="menuitem"
      type="button"
    >
      <svg
        aria-hidden="true"
        class="c5 c6 c7 c1"
        role="img"
        size="1"
        style="size: 1px;"
        viewBox="0 0 512 512"
      >
        <path
          d="M504 256c0 136.967-111.033 248-248 248S8 392.967 8 256 119.033 8 256 8s248 111.033 248 248zM227.314 387.314l184-184c6.248-6.248 6.248-16.379 0-22.627l-22.627-22.627c-6.248-6.249-16.379-6.249-22.628 0L216 308.118l-70.059-70.059c-6.248-6.248-16.379-6.248-22.628 0l-22.627 22.627c-6.248 6.248-6.248 16.379 0 22.627l104 104c6.249 6.249 16.379 6.249 22.628.001z"
          fill="currentColor"
          fill-rule="evenodd"
        />
      </svg>
      Edit...
    </button>
    <button
      class="c3 c4"
      role="menuitem"
      type="button"
    >
      <svg
        aria-hidden="true"
        class="c5 c6 c7 c1"
        role="img"
        size="1"
        style="size: 1px;"
        viewBox="0 0 512 512"
      >
        <path
          d="M504 256c0 136.997-111.043 248-248 248S8 392.997 8 256C8 119.083 119.043 8 256 8s248 111.083 248 248zm-248 50c-25.405 0-46 20.595-46 46s20.595 46 46 46 46-20.595 46-46-20.595-46-46-46zm-43.673-165.346l7.418 136c.347 6.364 5.609 11.346 11.982 11.346h48.546c6.373 0 11.635-4.982 11.982-11.346l7.418-136c.375-6.874-5.098-12.654-11.982-12.654h-63.383c-6.884 0-12.356 5.78-11.981 12.654z"
          fill="currentColor"
          fill-rule="evenodd"
        />
      </svg>
      Share...
    </button>
  </div>
</nav>
`;

exports[`props renders correctly for a menu with a divider 1`] = `
.c1 {
  margin: unset;
  padding: unset;
  border: unset;
  background: unset;
  font: unset;
  font-family: inherit;
  font-size: 100%;
  box-sizing: border-box;
  background-color: unset;
  color: inherit;
}

.c1:focus:not(:focus-visible) {
  outline: none;
}

.c4 {
  margin: unset;
  padding: unset;
  border: unset;
  background: unset;
  font: unset;
  font-family: inherit;
  font-size: 100%;
  box-sizing: border-box;
  background-color: #444bc9;
  color: inherit;
}

.c4:focus:not(:focus-visible) {
  outline: none;
}

.c7 {
  fill: inherit;
  position: relative;
  font-size: 1em;
  height: 1em;
  width: 1em;
}

.c10 {
  border-color: currentColor;
  border-style: solid;
  opacity: 0.2;
  margin: 1em 0;
  height: 0;
  border-width: 1px 0 0 0;
}

.c9 {
  opacity: 1;
  border-color: #e7e9ed;
}

.c3 {
  background-color: unset;
  cursor: pointer;
  display: block;
  font-weight: 600;
  padding: 0.375rem 1rem;
  text-align: left;
  width: 100%;
}

a.c3 {
  color: unset;
  fill: unset;
  -webkit-text-decoration: unset;
  text-decoration: unset;
}

a.c3:hover {
  color: unset;
  fill: unset;
}

.c3[disabled] {
  cursor: not-allowed;
  opacity: 0.5;
}

.c3:not(:disabled):focus {
  outline: unset;
  background-color: #f7f7f7;
}

.c3:not(:disabled):hover {
  background-color: #f7f7f7;
}

.c3:not(:disabled):focus:active,
.c3:not(:disabled):hover:active {
  background-color: #f2f2f2;
}

.c3 .c6 {
  top: 0.15em;
}

.c11 .c6 {
  top: 0.15em;
}

.c8 {
  margin: 0;
  width: 100%;
}

.c5 {
  margin-right: 0.5rem;
}

.c2 {
  margin: 0.5rem 0;
  width: 100%;
}

.c0 {
  display: -webkit-box;
  display: -webkit-flex;
  display: -ms-flexbox;
  display: flex;
  -webkit-align-items: flex-start;
  -webkit-box-align: flex-start;
  -ms-flex-align: flex-start;
  align-items: flex-start;
  -webkit-flex-direction: column;
  -ms-flex-direction: column;
  flex-direction: column;
}

<nav
  aria-label="Main menu"
  aria-orientation="vertical"
  class="c0 c1"
  role="menu"
>
  <div
    class="c2 c1"
  >
    <button
      class="c3 c4"
      role="menuitem"
      type="button"
    >
      <svg
        aria-hidden="true"
        class="c5 c6 c7 c1"
        role="img"
        size="1"
        style="size: 1px;"
        viewBox="0 0 512 512"
      >
        <path
          d="M504 256c0 136.967-111.033 248-248 248S8 392.967 8 256 119.033 8 256 8s248 111.033 248 248zM227.314 387.314l184-184c6.248-6.248 6.248-16.379 0-22.627l-22.627-22.627c-6.248-6.249-16.379-6.249-22.628 0L216 308.118l-70.059-70.059c-6.248-6.248-16.379-6.248-22.628 0l-22.627 22.627c-6.248 6.248-6.248 16.379 0 22.627l104 104c6.249 6.249 16.379 6.249 22.628.001z"
          fill="currentColor"
          fill-rule="evenodd"
        />
      </svg>
      Edit...
    </button>
    <button
      class="c3 c4"
      role="menuitem"
      type="button"
    >
      <svg
        aria-hidden="true"
        class="c5 c6 c7 c1"
        role="img"
        size="1"
        style="size: 1px;"
        viewBox="0 0 512 512"
      >
        <path
          d="M504 256c0 136.997-111.043 248-248 248S8 392.997 8 256C8 119.083 119.043 8 256 8s248 111.083 248 248zm-248 50c-25.405 0-46 20.595-46 46s20.595 46 46 46 46-20.595 46-46-20.595-46-46-46zm-43.673-165.346l7.418 136c.347 6.364 5.609 11.346 11.982 11.346h48.546c6.373 0 11.635-4.982 11.982-11.346l7.418-136c.375-6.874-5.098-12.654-11.982-12.654h-63.383c-6.884 0-12.356 5.78-11.981 12.654z"
          fill="currentColor"
          fill-rule="evenodd"
        />
      </svg>
      Share...
    </button>
  </div>
  <hr
    class="c8 c9 c10 c1"
    role="separator"
  />
  <div
    class="c2 c1"
  >
    <button
      class="c3 c4"
      role="menuitem"
      type="button"
    >
      Go to google
    </button>
  </div>
</nav>
`;

exports[`props renders correctly for a menu with an active item 1`] = `
.c1 {
  margin: unset;
  padding: unset;
  border: unset;
  background: unset;
  font: unset;
  font-family: inherit;
  font-size: 100%;
  box-sizing: border-box;
  background-color: unset;
  color: inherit;
}

.c1:focus:not(:focus-visible) {
  outline: none;
}

.c4 {
  margin: unset;
  padding: unset;
  border: unset;
  background: unset;
  font: unset;
  font-family: inherit;
  font-size: 100%;
  box-sizing: border-box;
  background-color: #444bc9;
  color: inherit;
}

.c4:focus:not(:focus-visible) {
  outline: none;
}

.c7 {
  fill: inherit;
  position: relative;
  font-size: 1em;
  height: 1em;
  width: 1em;
}

.c8 {
  background-color: unset;
  cursor: pointer;
  display: block;
  font-weight: 600;
  padding: 0.375rem 1rem;
  text-align: left;
  width: 100%;
}

a.c8 {
  color: unset;
  fill: unset;
  -webkit-text-decoration: unset;
  text-decoration: unset;
}

a.c8:hover {
  color: unset;
  fill: unset;
}

.c8[disabled] {
  cursor: not-allowed;
  opacity: 0.5;
}

.c8:not(:disabled):focus {
  outline: unset;
  background-color: #f7f7f7;
}

.c8:not(:disabled):hover {
  background-color: #f7f7f7;
}

.c8:not(:disabled):focus:active,
.c8:not(:disabled):hover:active {
  background-color: #f2f2f2;
}

.c8 .c6 {
  top: 0.15em;
}

.c3 {
  background-color: unset;
  cursor: pointer;
  display: block;
  font-weight: 600;
  padding: 0.375rem 1rem;
  text-align: left;
  width: 100%;
  background-color: #f2f2f2;
}

a.c3 {
  color: unset;
  fill: unset;
  -webkit-text-decoration: unset;
  text-decoration: unset;
}

a.c3:hover {
  color: unset;
  fill: unset;
}

.c3[disabled] {
  cursor: not-allowed;
  opacity: 0.5;
}

.c3:not(:disabled):focus {
  outline: unset;
  background-color: #f7f7f7;
}

.c3:not(:disabled):hover {
  background-color: #f7f7f7;
}

.c3:not(:disabled):focus:active,
.c3:not(:disabled):hover:active {
  background-color: #f2f2f2;
}

.c3.c3:hover,
.c3.c3:focus {
  background-color: #e6e6e6;
}

.c3 .c6 {
  top: 0.15em;
}

.c5 {
  margin-right: 0.5rem;
}

.c2 {
  margin: 0.5rem 0;
  width: 100%;
}

.c0 {
  display: -webkit-box;
  display: -webkit-flex;
  display: -ms-flexbox;
  display: flex;
  -webkit-align-items: flex-start;
  -webkit-box-align: flex-start;
  -ms-flex-align: flex-start;
  align-items: flex-start;
  -webkit-flex-direction: column;
  -ms-flex-direction: column;
  flex-direction: column;
}

<nav
  aria-label="Main menu"
  aria-orientation="vertical"
  class="c0 c1"
  role="menu"
>
  <div
    class="c2 c1"
  >
    <button
      class="c3 c4"
      role="menuitem"
      type="button"
    >
      <svg
        aria-hidden="true"
        class="c5 c6 c7 c1"
        role="img"
        size="1"
        style="size: 1px;"
        viewBox="0 0 512 512"
      >
        <path
          d="M504 256c0 136.967-111.033 248-248 248S8 392.967 8 256 119.033 8 256 8s248 111.033 248 248zM227.314 387.314l184-184c6.248-6.248 6.248-16.379 0-22.627l-22.627-22.627c-6.248-6.249-16.379-6.249-22.628 0L216 308.118l-70.059-70.059c-6.248-6.248-16.379-6.248-22.628 0l-22.627 22.627c-6.248 6.248-6.248 16.379 0 22.627l104 104c6.249 6.249 16.379 6.249 22.628.001z"
          fill="currentColor"
          fill-rule="evenodd"
        />
      </svg>
      Edit...
    </button>
    <button
      class="c8 c4"
      role="menuitem"
      type="button"
    >
      <svg
        aria-hidden="true"
        class="c5 c6 c7 c1"
        role="img"
        size="1"
        style="size: 1px;"
        viewBox="0 0 512 512"
      >
        <path
          d="M504 256c0 136.997-111.043 248-248 248S8 392.997 8 256C8 119.083 119.043 8 256 8s248 111.083 248 248zm-248 50c-25.405 0-46 20.595-46 46s20.595 46 46 46 46-20.595 46-46-20.595-46-46-46zm-43.673-165.346l7.418 136c.347 6.364 5.609 11.346 11.982 11.346h48.546c6.373 0 11.635-4.982 11.982-11.346l7.418-136c.375-6.874-5.098-12.654-11.982-12.654h-63.383c-6.884 0-12.356 5.78-11.981 12.654z"
          fill="currentColor"
          fill-rule="evenodd"
        />
      </svg>
      Share...
    </button>
  </div>
</nav>
`;

exports[`props renders correctly for a menu with icons 1`] = `
.c1 {
  margin: unset;
  padding: unset;
  border: unset;
  background: unset;
  font: unset;
  font-family: inherit;
  font-size: 100%;
  box-sizing: border-box;
  background-color: unset;
  color: inherit;
}

.c1:focus:not(:focus-visible) {
  outline: none;
}

.c4 {
  margin: unset;
  padding: unset;
  border: unset;
  background: unset;
  font: unset;
  font-family: inherit;
  font-size: 100%;
  box-sizing: border-box;
  background-color: #444bc9;
  color: inherit;
}

.c4:focus:not(:focus-visible) {
  outline: none;
}

.c7 {
  fill: inherit;
  position: relative;
  font-size: 1em;
  height: 1em;
  width: 1em;
}

.c3 {
  background-color: unset;
  cursor: pointer;
  display: block;
  font-weight: 600;
  padding: 0.375rem 1rem;
  text-align: left;
  width: 100%;
}

a.c3 {
  color: unset;
  fill: unset;
  -webkit-text-decoration: unset;
  text-decoration: unset;
}

a.c3:hover {
  color: unset;
  fill: unset;
}

.c3[disabled] {
  cursor: not-allowed;
  opacity: 0.5;
}

.c3:not(:disabled):focus {
  outline: unset;
  background-color: #f7f7f7;
}

.c3:not(:disabled):hover {
  background-color: #f7f7f7;
}

.c3:not(:disabled):focus:active,
.c3:not(:disabled):hover:active {
  background-color: #f2f2f2;
}

.c3 .c6 {
  top: 0.15em;
}

.c5 {
  margin-right: 0.5rem;
}

.c2 {
  margin: 0.5rem 0;
  width: 100%;
}

.c0 {
  display: -webkit-box;
  display: -webkit-flex;
  display: -ms-flexbox;
  display: flex;
  -webkit-align-items: flex-start;
  -webkit-box-align: flex-start;
  -ms-flex-align: flex-start;
  align-items: flex-start;
  -webkit-flex-direction: column;
  -ms-flex-direction: column;
  flex-direction: column;
}

<nav
  aria-label="Main menu"
  aria-orientation="vertical"
  class="c0 c1"
  role="menu"
>
  <div
    class="c2 c1"
  >
    <button
      class="c3 c4"
      role="menuitem"
      type="button"
    >
      <svg
        aria-hidden="true"
        class="c5 c6 c7 c1"
        role="img"
        size="1"
        style="size: 1px;"
        viewBox="0 0 512 512"
      >
        <path
          d="M504 256c0 136.967-111.033 248-248 248S8 392.967 8 256 119.033 8 256 8s248 111.033 248 248zM227.314 387.314l184-184c6.248-6.248 6.248-16.379 0-22.627l-22.627-22.627c-6.248-6.249-16.379-6.249-22.628 0L216 308.118l-70.059-70.059c-6.248-6.248-16.379-6.248-22.628 0l-22.627 22.627c-6.248 6.248-6.248 16.379 0 22.627l104 104c6.249 6.249 16.379 6.249 22.628.001z"
          fill="currentColor"
          fill-rule="evenodd"
        />
      </svg>
      Edit...
    </button>
    <button
      class="c3 c4"
      role="menuitem"
      type="button"
    >
      <svg
        aria-hidden="true"
        class="c5 c6 c7 c1"
        role="img"
        size="1"
        style="size: 1px;"
        viewBox="0 0 512 512"
      >
        <path
          d="M504 256c0 136.997-111.043 248-248 248S8 392.997 8 256C8 119.083 119.043 8 256 8s248 111.083 248 248zm-248 50c-25.405 0-46 20.595-46 46s20.595 46 46 46 46-20.595 46-46-20.595-46-46-46zm-43.673-165.346l7.418 136c.347 6.364 5.609 11.346 11.982 11.346h48.546c6.373 0 11.635-4.982 11.982-11.346l7.418-136c.375-6.874-5.098-12.654-11.982-12.654h-63.383c-6.884 0-12.356 5.78-11.981 12.654z"
          fill="currentColor"
          fill-rule="evenodd"
        />
      </svg>
      Share...
    </button>
  </div>
</nav>
`;

exports[`props renders correctly for a menu with two groups 1`] = `
.c1 {
  margin: unset;
  padding: unset;
  border: unset;
  background: unset;
  font: unset;
  font-family: inherit;
  font-size: 100%;
  box-sizing: border-box;
  background-color: unset;
  color: inherit;
}

.c1:focus:not(:focus-visible) {
  outline: none;
}

.c4 {
  margin: unset;
  padding: unset;
  border: unset;
  background: unset;
  font: unset;
  font-family: inherit;
  font-size: 100%;
  box-sizing: border-box;
  background-color: #444bc9;
  color: inherit;
}

.c4:focus:not(:focus-visible) {
  outline: none;
}

.c7 {
  fill: inherit;
  position: relative;
  font-size: 1em;
  height: 1em;
  width: 1em;
}

.c3 {
  background-color: unset;
  cursor: pointer;
  display: block;
  font-weight: 600;
  padding: 0.375rem 1rem;
  text-align: left;
  width: 100%;
}

a.c3 {
  color: unset;
  fill: unset;
  -webkit-text-decoration: unset;
  text-decoration: unset;
}

a.c3:hover {
  color: unset;
  fill: unset;
}

.c3[disabled] {
  cursor: not-allowed;
  opacity: 0.5;
}

.c3:not(:disabled):focus {
  outline: unset;
  background-color: #f7f7f7;
}

.c3:not(:disabled):hover {
  background-color: #f7f7f7;
}

.c3:not(:disabled):focus:active,
.c3:not(:disabled):hover:active {
  background-color: #f2f2f2;
}

.c3 .c6 {
  top: 0.15em;
}

.c8 .c6 {
  top: 0.15em;
}

.c5 {
  margin-right: 0.5rem;
}

.c2 {
  margin: 0.5rem 0;
  width: 100%;
}

.c0 {
  display: -webkit-box;
  display: -webkit-flex;
  display: -ms-flexbox;
  display: flex;
  -webkit-align-items: flex-start;
  -webkit-box-align: flex-start;
  -ms-flex-align: flex-start;
  align-items: flex-start;
  -webkit-flex-direction: column;
  -ms-flex-direction: column;
  flex-direction: column;
}

<nav
  aria-label="Main menu"
  aria-orientation="vertical"
  class="c0 c1"
  role="menu"
>
  <div
    class="c2 c1"
  >
    <button
      class="c3 c4"
      role="menuitem"
      type="button"
    >
      <svg
        aria-hidden="true"
        class="c5 c6 c7 c1"
        role="img"
        size="1"
        style="size: 1px;"
        viewBox="0 0 512 512"
      >
        <path
          d="M504 256c0 136.967-111.033 248-248 248S8 392.967 8 256 119.033 8 256 8s248 111.033 248 248zM227.314 387.314l184-184c6.248-6.248 6.248-16.379 0-22.627l-22.627-22.627c-6.248-6.249-16.379-6.249-22.628 0L216 308.118l-70.059-70.059c-6.248-6.248-16.379-6.248-22.628 0l-22.627 22.627c-6.248 6.248-6.248 16.379 0 22.627l104 104c6.249 6.249 16.379 6.249 22.628.001z"
          fill="currentColor"
          fill-rule="evenodd"
        />
      </svg>
      Edit...
    </button>
    <button
      class="c3 c4"
      role="menuitem"
      type="button"
    >
      <svg
        aria-hidden="true"
        class="c5 c6 c7 c1"
        role="img"
        size="1"
        style="size: 1px;"
        viewBox="0 0 512 512"
      >
        <path
          d="M504 256c0 136.997-111.043 248-248 248S8 392.997 8 256C8 119.083 119.043 8 256 8s248 111.083 248 248zm-248 50c-25.405 0-46 20.595-46 46s20.595 46 46 46 46-20.595 46-46-20.595-46-46-46zm-43.673-165.346l7.418 136c.347 6.364 5.609 11.346 11.982 11.346h48.546c6.373 0 11.635-4.982 11.982-11.346l7.418-136c.375-6.874-5.098-12.654-11.982-12.654h-63.383c-6.884 0-12.356 5.78-11.981 12.654z"
          fill="currentColor"
          fill-rule="evenodd"
        />
      </svg>
      Share...
    </button>
  </div>
  <div
    class="c2 c1"
  >
    <button
      class="c3 c4"
      role="menuitem"
      type="button"
    >
      Go to google
    </button>
  </div>
</nav>
`;
