// Jest Snapshot v1, https://goo.gl/fbAQLP

exports[`renders correctly for a basic backdrop 1`] = `
.c1 {
  margin: unset;
  padding: unset;
  border: unset;
  background: unset;
  font: unset;
  font-family: inherit;
  font-size: 100%;
  box-sizing: border-box;
  background-color: unset;
  color: inherit;
}

.c0 {
  box-sizing: border-box;
  font-family: system-ui,-apple-system,BlinkMacSystemFont,'Segoe UI',Roboto,Oxygen,Ubuntu,Cantarell,'Fira Sans', 'Droid Sans','Helvetica Neue',sans-serif;
  font-size: 16px;
  font-weight: 400;
  line-height: 1.5;
  margin: 0;
  padding: 0;
  overflow-x: hidden;
  -webkit-font-smoothing: antialiased;
  text-rendering: optimizeLegibility;
  color: #435a6f;
  fill: #435a6f;
}

.c0 *,
.c0 *::before,
.c0 *::after {
  box-sizing: inherit;
}

.c0 *:focus {
  outline: 2px solid #7467c0;
  outline-offset: 2px;
}

.c4 {
  -webkit-transform: translate3d(0px,0px,0px);
  -ms-transform: translate3d(0px,0px,0px);
  transform: translate3d(0px,0px,0px);
}

.c4[aria-hidden="true"] {
  pointer-events: none;
  display: none !important;
}

.c3 {
  position: fixed;
  top: 0;
  left: 0;
  width: 100%;
  height: 100%;
  z-index: 998;
  -webkit-tap-highlight-color: rgba(0,0,0,0);
  -moz-tap-highlight-color: rgba(0,0,0,0);
}

.c2 {
  background-color: black;
  opacity: 0.4;
}

<div
  class="c0 c1"
>
  <div
    aria-hidden="false"
    class="c2 c3 c4 c1"
    role="button"
    tabindex="-1"
  >
    test
  </div>
</div>
`;
