// Jest Snapshot v1, https://goo.gl/fbAQLP

exports[`renders correctly for a basic backdrop 1`] = `
.c1 {
  margin: unset;
  padding: unset;
  border: unset;
  background: unset;
  font: unset;
  font-family: inherit;
  font-size: 100%;
  box-sizing: border-box;
  background-color: unset;
  color: inherit;
}

.c1:focus:not(:focus-visible) {
  outline: none;
}

.c0 {
  -webkit-transform: translate3d(0px,0px,0px);
  -ms-transform: translate3d(0px,0px,0px);
  transform: translate3d(0px,0px,0px);
  position: fixed;
  top: 0;
  left: 0;
  width: 100%;
  height: 100%;
  z-index: 998;
  -webkit-tap-highlight-color: rgba(0,0,0,0);
  -moz-tap-highlight-color: rgba(0,0,0,0);
  background-color: black;
  opacity: 0.4;
}

.c0[aria-hidden="true"] {
  pointer-events: none;
  display: none !important;
}

<div
  aria-hidden="false"
  class="c0 c1"
  role="button"
  tabindex="-1"
>
  test
</div>
`;
